node : file:///E:/New%20folde
r/Mern-project1/unit_test.js:
1
At line:1 char:1
+ node unit_test.js > 
test_output.txt 2>&1
+ ~~~~~~~~~~~~~~~~~~~~~~~~~~~
~~~~~~~~~~~~~
    + CategoryInfo           
   : NotSpecifi    ed: 
(file:///E:/Ne    
w%.../unit_test.js    
:1:String) [], Rem    
oteException
    + FullyQualifiedEr    
rorId : NativeComm    
andError
 
const { validateToken } = req
uire('./server/config/validat
etoken');
                          ^

ReferenceError: require is 
not defined in ES module 
scope, you can use import 
instead
This file is being treated 
as an ES module because it 
has a '.js' file extension 
and 'E:\New folder\Mern-proje
ct1\package.json' contains 
"type": "module". To treat 
it as a CommonJS script, 
rename it to use the '.cjs' 
file extension.
    at file:///E:/New%20folde
r/Mern-project1/unit_test.js:
1:27
    at ModuleJob.run (node:in
ternal/modules/esm/module_job
:343:25)
    at async onImport.tracePr
omise.__proto__ (node:interna
l/modules/esm/loader:647:26)
    at async asyncRunEntryPoi
ntWithESMLoader (node:interna
l/modules/run_main:117:5)

Node.js v22.18.0
